[safety-dis.netlify.app/index.html]
[backblue.gif]
[fade.gif]
[index.html]
[safety-dis.netlify.app/img/logo-dis.png]
[safety-dis.netlify.app/img/favicon.1.delayed]
[safety-dis.netlify.app/img/apple-touch-icon.2.delayed]
[safety-dis.netlify.app/img/apple-touch-icon-72x72.3.delayed]
[safety-dis.netlify.app/img/apple-touch-icon-114x114.4.delayed]
[safety-dis.netlify.app/css/bootstrap.css]
[safety-dis.netlify.app/fonts/font-awesome/css/font-awesome.css]
[safety-dis.netlify.app/css/style.css]
[safety-dis.netlify.app/css/prettyPhoto.css]
[safety-dis.netlify.app/js/modernizr.custom.js]
[safety-dis.netlify.app/index-2.html]
[safety-dis.netlify.app/img/portfolio/apar.jpg]
[safety-dis.netlify.app/img/portfolio/bajutahanapi.jpg]
[safety-dis.netlify.app/img/portfolio/firealarm-services-.jpg]
[safety-dis.netlify.app/img/portfolio/fire_curetain_slider_2.jpg]
[safety-dis.netlify.app/img/portfolio/21.jpg]
[safety-dis.netlify.app/img/portfolio/paagar_brc_bekasi-15.jpg]
[safety-dis.netlify.app/img/portfolio/rolling-door-model-610s.jpg]
[safety-dis.netlify.app/img/portfolio/bQ5muZV.jpg]
[safety-dis.netlify.app/img/tentangkami.jpg]
[safety-dis.netlify.app/img/team/IMG_20170821_154615_HDR.jpg]
[safety-dis.netlify.app/img/team/fire-alarm-640x480.jpg]
[safety-dis.netlify.app/img/team/firehydrant.jpg]
[safety-dis.netlify.app/img/team/Kawat-Duri-panjang-30m-2-500x500.jpg]
[safety-dis.netlify.app/img/team/decorative.jpg]
[safety-dis.netlify.app/img/team/Harga-Rolling-Door-per-Meter-Terbaru.jpg]
[safety-dis.netlify.app/www.dis.or.1a.delayed]
[ajax.googleapis.com/ajax/libs/jquery/1.11.1/jquery.min.js]
[safety-dis.netlify.app/js/jquery.1.11.1.js]
[safety-dis.netlify.app/js/bootstrap.js]
[safety-dis.netlify.app/js/SmoothScroll.js]
[safety-dis.netlify.app/js/jquery.counterup.js]
[safety-dis.netlify.app/js/waypoints.js]
[safety-dis.netlify.app/js/jquery.prettyPhoto.js]
[safety-dis.netlify.app/js/jquery.isotope.js]
[safety-dis.netlify.app/js/jqBootstrapValidation.js]
[safety-dis.netlify.app/js/contact_me.js]
[safety-dis.netlify.app/index.html]
[safety-dis.netlify.app/img/favicon.html]
[safety-dis.netlify.app/img/apple-touch-icon.html]
[safety-dis.netlify.app/img/apple-touch-icon-72x72.html]
[safety-dis.netlify.app/img/apple-touch-icon-114x114.html]
[safety-dis.netlify.app/js/main.js]
[safety-dis.netlify.app/fonts/glyphicons-halflings-regular.26.delayed]
[safety-dis.netlify.app/fonts/glyphicons-halflings-regular.27d41d.delayed]
[safety-dis.netlify.app/fonts/glyphicons-halflings-regular.28.delayed]
[safety-dis.netlify.app/fonts/glyphicons-halflings-regular.29.delayed]
[safety-dis.netlify.app/fonts/glyphicons-halflings-regular.2a.delayed]
[safety-dis.netlify.app/fonts/glyphicons-halflings-regular.2b.delayed]
[safety-dis.netlify.app/css/bootstrap.css]
[safety-dis.netlify.app/fonts/font-awesome/fonts/fontawesome-webfonte0a5.eot]
[safety-dis.netlify.app/fonts/font-awesome/fonts/fontawesome-webfontd41d.eot]
[safety-dis.netlify.app/fonts/font-awesome/fonts/fontawesome-webfonte0a5.woff2]
[safety-dis.netlify.app/fonts/font-awesome/fonts/fontawesome-webfonte0a5.woff]
[safety-dis.netlify.app/fonts/font-awesome/fonts/fontawesome-webfonte0a5.ttf]
[safety-dis.netlify.app/fonts/font-awesome/css/font-awesome.css]
[safety-dis.netlify.app/img/OurApproach_SAFETY_hero-1400x600.jpg]
[safety-dis.netlify.app/css/style.css]
[safety-dis.netlify.app/fonts/font-awesome/fonts/fontawesome-webfonte0a5.svg]
[safety-dis.netlify.app/img/prettyPhoto/default/sprite.png]
[safety-dis.netlify.app/img/prettyPhoto/default/sprite_x.png]
[safety-dis.netlify.app/img/prettyPhoto/default/sprite_y.png]
[safety-dis.netlify.app/img/prettyPhoto/default/sprite_next.png]
[safety-dis.netlify.app/img/prettyPhoto/default/sprite_prev.png]
[safety-dis.netlify.app/img/prettyPhoto/default/default_thumb.png]
[safety-dis.netlify.app/img/prettyPhoto/default/loader.gif]
[safety-dis.netlify.app/img/prettyPhoto/light_rounded/sprite.png]
[safety-dis.netlify.app/img/prettyPhoto/light_rounded/btnNext.png]
[safety-dis.netlify.app/img/prettyPhoto/light_rounded/btnPrevious.png]
[safety-dis.netlify.app/img/prettyPhoto/dark_rounded/sprite.png]
[safety-dis.netlify.app/img/prettyPhoto/dark_rounded/contentPattern.png]
[safety-dis.netlify.app/img/prettyPhoto/dark_rounded/btnNext.png]
[safety-dis.netlify.app/img/prettyPhoto/dark_rounded/btnPrevious.png]
[safety-dis.netlify.app/img/prettyPhoto/dark_rounded/loader.gif]
[safety-dis.netlify.app/img/prettyPhoto/dark_square/loader.gif]
[safety-dis.netlify.app/img/prettyPhoto/dark_square/sprite.png]
[safety-dis.netlify.app/img/prettyPhoto/dark_square/btnNext.png]
[safety-dis.netlify.app/img/prettyPhoto/dark_square/btnPrevious.png]
[safety-dis.netlify.app/img/prettyPhoto/light_square/sprite.png]
[safety-dis.netlify.app/img/prettyPhoto/light_square/btnNext.png]
[safety-dis.netlify.app/img/prettyPhoto/light_square/btnPrevious.png]
[safety-dis.netlify.app/img/prettyPhoto/facebook/sprite.png]
[safety-dis.netlify.app/img/prettyPhoto/facebook/contentPatternTop.png]
[safety-dis.netlify.app/img/prettyPhoto/facebook/contentPatternLeft.png]
[safety-dis.netlify.app/img/prettyPhoto/facebook/contentPatternRight.png]
[safety-dis.netlify.app/img/prettyPhoto/facebook/loader.gif]
[safety-dis.netlify.app/img/prettyPhoto/facebook/btnNext.png]
[safety-dis.netlify.app/img/prettyPhoto/facebook/btnPrevious.png]
[safety-dis.netlify.app/img/prettyPhoto/facebook/contentPatternBottom.png]
[safety-dis.netlify.app/img/prettyPhoto/facebook/default_thumbnail.gif]
[safety-dis.netlify.app/img/prettyPhoto/light_rounded/loader.gif]
[safety-dis.netlify.app/css/prettyPhoto.css]
[safety-dis.netlify.app/index-2.html]
[safety-dis.netlify.app/www.dis.or.html]
[safety-dis.netlify.app/fonts/glyphicons-halflings-regular.html]
[safety-dis.netlify.app/fonts/glyphicons-halflings-regulard41d.html]
[safety-dis.netlify.app/fonts/glyphicons-halflings-regular-2.html]
[safety-dis.netlify.app/fonts/glyphicons-halflings-regular-3.html]
[safety-dis.netlify.app/fonts/glyphicons-halflings-regular-4.html]
[safety-dis.netlify.app/fonts/glyphicons-halflings-regular-5.html]
[safety-dis.netlify.app/fonts/font-awesome/fonts/fontawesome-webfonte0a5.svg]
